
Memory Configuration

Name             Origin             Length             Attributes
*default*        0x0000000000000000 0xffffffffffffffff

Linker script and memory map

LOAD bin/obj/io.c.o
LOAD bin/obj/main.c.o
                0x0000000000007e00                phys = 0x7e00
                0x0000000000007e00                . = phys

.entry          0x0000000000007e00       0x20
                0x0000000000007e00                __entry_start = .
 *(.entry)
 .entry         0x0000000000007e00       0x20 bin/obj/main.c.o
                0x0000000000007e00                kernel_main

.text           0x0000000000007e20      0x245
                0x0000000000007e20                __text_start = .
 *(.text)
 .text          0x0000000000007e20      0x245 bin/obj/io.c.o
                0x0000000000007e3b                putc
                0x0000000000007e6e                put
                0x0000000000007e96                puts
                0x0000000000007ed5                get_key_type
                0x0000000000007ef1                wait_key
                0x0000000000007f44                key_to_char
 .text          0x0000000000008065        0x0 bin/obj/main.c.o

.data           0x0000000000008068        0x4
                0x0000000000008068                __data_start = .
 *(.data)
 .data          0x0000000000008068        0x4 bin/obj/io.c.o
                0x0000000000008068                g_vga_it
 .data          0x000000000000806c        0x0 bin/obj/main.c.o

.rodata         0x000000000000806c       0xf6
                0x000000000000806c                __rodata_start = .
 *(.rodata)
 .rodata        0x000000000000806c       0xe8 bin/obj/io.c.o
 .rodata        0x0000000000008154        0xe bin/obj/main.c.o

.eh_frame       0x0000000000008164      0x134
 .eh_frame      0x0000000000008164       0xfc bin/obj/io.c.o
 .eh_frame      0x0000000000008260       0x38 bin/obj/main.c.o

.bss            0x0000000000008298        0x0
                0x0000000000008298                __bss_start = .
 *(.bss)
 .bss           0x0000000000008298        0x0 bin/obj/io.c.o
 .bss           0x0000000000008298        0x0 bin/obj/main.c.o
                0x0000000000008298                __end = .
LOAD /home/den/dev/operating-system/toolchain//lib/gcc/i386-elf/7.5.0/libgcc.a
OUTPUT(bin/kernel.bin binary)

.comment        0x0000000000000000       0x24
 .comment       0x0000000000000000       0x12 bin/obj/io.c.o
 .comment       0x0000000000000012       0x12 bin/obj/main.c.o
